// Jest Snapshot v1, https://goo.gl/fbAQLP

exports[`PaletteCard App should match snapshot 1`] = `
<Fade
  delay={150}
  duration={600}
>
  <div
    className="PaletteCard"
  >
    <Link
      to="/catalogs/undefined"
    >
      <section
        onClick={[Function]}
      >
        +
      </section>
    </Link>
    <Link
      key="1"
      onClick={[Function]}
      to="/catalogs/undefined/palettes/1"
    >
      <h4 />
      <div
        className="colors"
      >
        <div
          key="12531"
          style={
            Object {
              "background": 12531,
            }
          }
        />
      </div>
    </Link>
  </div>
</Fade>
`;
