// Jest Snapshot v1, https://goo.gl/fbAQLP

exports[`PaletteCard App should match snapshot 1`] = `
<Fade
  delay={150}
  duration={600}
>
  <div
    className="PaletteCard"
  >
    <h4>
      Prototype Art
    </h4>
    <div
      className="colors"
    >
      <div
        style={
          Object {
            "background": "lightgray",
          }
        }
      />
      <div
        style={
          Object {
            "background": "green",
          }
        }
      />
      <div
        style={
          Object {
            "background": "pink",
          }
        }
      />
      <div
        style={
          Object {
            "background": "yellow",
          }
        }
      />
      <div
        style={
          Object {
            "background": "gold",
          }
        }
      />
    </div>
  </div>
</Fade>
`;
