// Jest Snapshot v1, https://goo.gl/fbAQLP

exports[`Catalogs App should match snapshot 1`] = `
<section
  className="Catalogs"
>
  <h2>
    Catalogs
  </h2>
  <ul>
    <NavLink
      activeClassName="active-catalog"
      exact={true}
      key="1"
      onClick={[Function]}
      to="/catalogs/1"
    >
      <div
        key="1"
      >
        <button
          onClick={[Function]}
        >
          x
        </button>
         
        <li>
          Personal
        </li>
      </div>
    </NavLink>
    <NavLink
      activeClassName="active-catalog"
      exact={true}
      key="2"
      onClick={[Function]}
      to="/catalogs/2"
    >
      <div
        key="2"
      >
        <button
          onClick={[Function]}
        >
          x
        </button>
         
        <li>
          Favorites
        </li>
      </div>
    </NavLink>
    <NavLink
      activeClassName="active-catalog"
      exact={true}
      key="3"
      onClick={[Function]}
      to="/catalogs/3"
    >
      <div
        key="3"
      >
        <button
          onClick={[Function]}
        >
          x
        </button>
         
        <li>
          Mood
        </li>
      </div>
    </NavLink>
    <NavLink
      activeClassName="active-catalog"
      exact={true}
      key="4"
      onClick={[Function]}
      to="/catalogs/4"
    >
      <div
        key="4"
      >
        <button
          onClick={[Function]}
        >
          x
        </button>
         
        <li>
          Work
        </li>
      </div>
    </NavLink>
    <NavLink
      activeClassName="active-catalog"
      exact={true}
      key="5"
      onClick={[Function]}
      to="/catalogs/5"
    >
      <div
        key="5"
      >
        <button
          onClick={[Function]}
        >
          x
        </button>
         
        <li>
          Favorites
        </li>
      </div>
    </NavLink>
    <NavLink
      activeClassName="active-catalog"
      exact={true}
      key="6"
      onClick={[Function]}
      to="/catalogs/6"
    >
      <div
        key="6"
      >
        <button
          onClick={[Function]}
        >
          x
        </button>
         
        <li>
          Mood
        </li>
      </div>
    </NavLink>
    <NavLink
      activeClassName="active-catalog"
      exact={true}
      key="7"
      onClick={[Function]}
      to="/catalogs/7"
    >
      <div
        key="7"
      >
        <button
          onClick={[Function]}
        >
          x
        </button>
         
        <li>
          Work
        </li>
      </div>
    </NavLink>
    <NavLink
      activeClassName="active-catalog"
      exact={true}
      key="8"
      onClick={[Function]}
      to="/catalogs/8"
    >
      <div
        key="8"
      >
        <button
          onClick={[Function]}
        >
          x
        </button>
         
        <li>
          Favorites
        </li>
      </div>
    </NavLink>
    <NavLink
      activeClassName="active-catalog"
      exact={true}
      key="9"
      onClick={[Function]}
      to="/catalogs/9"
    >
      <div
        key="9"
      >
        <button
          onClick={[Function]}
        >
          x
        </button>
         
        <li>
          Mood
        </li>
      </div>
    </NavLink>
    <NavLink
      activeClassName="active-catalog"
      exact={true}
      key="10"
      onClick={[Function]}
      to="/catalogs/10"
    >
      <div
        key="10"
      >
        <button
          onClick={[Function]}
        >
          x
        </button>
         
        <li>
          Work
        </li>
      </div>
    </NavLink>
  </ul>
</section>
`;
