// Jest Snapshot v1, https://goo.gl/fbAQLP

exports[`Catalogs App should match snapshot 1`] = `
<section
  className="Catalogs"
>
  <h2>
    Catalogs
  </h2>
  <ul>
    <Fade
      bottom={true}
      delay={200}
      duration={400}
    >
      <NavLink
        activeClassName="active-catalog"
        exact={true}
        key="1"
        to="/catalogs/1"
      >
         
        <li>
          Personal
        </li>
      </NavLink>
      <NavLink
        activeClassName="active-catalog"
        exact={true}
        key="2"
        to="/catalogs/2"
      >
         
        <li>
          Favorites
        </li>
      </NavLink>
      <NavLink
        activeClassName="active-catalog"
        exact={true}
        key="3"
        to="/catalogs/3"
      >
         
        <li>
          Mood
        </li>
      </NavLink>
      <NavLink
        activeClassName="active-catalog"
        exact={true}
        key="4"
        to="/catalogs/4"
      >
         
        <li>
          Work
        </li>
      </NavLink>
      <NavLink
        activeClassName="active-catalog"
        exact={true}
        key="5"
        to="/catalogs/5"
      >
         
        <li>
          Favorites
        </li>
      </NavLink>
      <NavLink
        activeClassName="active-catalog"
        exact={true}
        key="6"
        to="/catalogs/6"
      >
         
        <li>
          Mood
        </li>
      </NavLink>
      <NavLink
        activeClassName="active-catalog"
        exact={true}
        key="7"
        to="/catalogs/7"
      >
         
        <li>
          Work
        </li>
      </NavLink>
      <NavLink
        activeClassName="active-catalog"
        exact={true}
        key="8"
        to="/catalogs/8"
      >
         
        <li>
          Favorites
        </li>
      </NavLink>
      <NavLink
        activeClassName="active-catalog"
        exact={true}
        key="9"
        to="/catalogs/9"
      >
         
        <li>
          Mood
        </li>
      </NavLink>
      <NavLink
        activeClassName="active-catalog"
        exact={true}
        key="10"
        to="/catalogs/10"
      >
         
        <li>
          Work
        </li>
      </NavLink>
    </Fade>
  </ul>
</section>
`;
