// Jest Snapshot v1, https://goo.gl/fbAQLP

exports[`App App should match snapshot 1`] = `
<div
  className="App"
>
  <NavBar />
  <GetRandomColors
    arrayOfColors={Array []}
    currentCatalog={0}
    updateArrayOfColors={[Function]}
    userID={0}
  />
  <NavBar
    catalogs={Array []}
    updateCurrentCatalog={[Function]}
    updateCurrentUser={[Function]}
    userName=""
  />
  <Footer />
</div>
`;
