// Jest Snapshot v1, https://goo.gl/fbAQLP

exports[`App App should match snapshot 1`] = `
<div
  className="App"
>
  <GetRandomColors
    arrayOfColors={Array []}
    catalogs={Array []}
    currentCatalog={0}
    fetchCatalogs={[Function]}
    fetchPalettes={[Function]}
    resetCurrentCatalog={[Function]}
    showSaveMenu={false}
    toggleSaveMenu={[Function]}
    toggleTriggerMenu={[Function]}
    updateColors={[Function]}
    userID={0}
  />
  <NavBar
    arrayOfColors={Array []}
    catalogs={Array []}
    currentCatalog={0}
    deletePalette={[Function]}
    fetchCatalogs={[Function]}
    fetchPalettes={[Function]}
    palettes={Array []}
    removeCatalog={[Function]}
    resetCurrentCatalog={[Function]}
    toggleTriggerMenu={[Function]}
    triggerMenu={false}
    updateColors={[Function]}
    updateCurrentCatalog={[Function]}
    updateCurrentUser={[Function]}
    userName=""
    wipeUserData={[Function]}
  />
  <Footer />
</div>
`;
